---
source: tests/html_test.rs
expression: "files.get(\"./index.html\").unwrap()"
---
<!DOCTYPE html>
<html>
<head>
  <title>Index - documentation</title>
  <meta charset="utf-8">
  <meta name="viewport" content="width=device-width, initial-scale=1.0">
  <meta name="doc-current-file" content="">
  <link rel="stylesheet" href="styles.css">
  <link rel="stylesheet" href="page.css">

  <script src="search_index.js" defer></script>
  <script src="script.js" defer></script>
  <script src="fuse.js" defer></script>
  <script src="search.js" defer></script>
</head>
<body class="ddoc">
<nav class="flex lg:items-center justify-between mb-6 gap-4 max-lg:flex-col-reverse"><ul class="breadcrumbs"><li>index</li></ul>
<input
		type="text"
		id="searchbar"
		style="display: none;"
		class="flex-1 lg:max-w-80 py-2 px-2.5 rounded text-sm border border-gray-300 bg-transparent" />
</nav>
<div id="content">
  <main><section >
  <div class="space-y-2 flex-1 "><div class="space-y-7" id="module_doc"></div>
</div>
</section>
</main><div class="toc">
  <div><nav class="topSymbols">
        <h3>Symbols</h3>
        <ul><li>
              <a href=".&#x2F;.&#x2F;~&#x2F;Bar.html" title="Bar"><div class="docNodeKindIcon"><div class="text-Class bg-Class/15" title="Class">c</div></div>
<span class="hover:bg-Class/15">Bar</span>
              </a>
            </li><li>
              <a href=".&#x2F;.&#x2F;~&#x2F;Foo.html" title="Foo"><div class="docNodeKindIcon"><div class="text-Class bg-Class/15" title="Class">c</div></div>
<span class="hover:bg-Class/15">Foo</span>
              </a>
            </li><li>
              <a href=".&#x2F;.&#x2F;~&#x2F;Foobar.html" title="Foobar"><div class="docNodeKindIcon"><div class="text-Class bg-Class/15" title="Class">c</div></div>
<span class="hover:bg-Class/15">Foobar</span>
              </a>
            </li></ul></nav></div>
</div>
<div id="searchResults"></div></div>
</body>
</html>
