---
source: tests/html_test.rs
expression: files.get(file_name).unwrap()
---
<!DOCTYPE html>
<html>
<head>
  <title>documentation</title>
  <meta charset="utf-8">
  <meta name="viewport" content="width=device-width, initial-scale=1.0">
  <meta name="doc-current-file" content="">
  <link rel="stylesheet" href="styles.css">
  <link rel="stylesheet" href="page.css">
  <link id="ddocResetStylesheet" rel="stylesheet" href="reset.css"><script src="script.js" defer></script>
  <script src="darkmode_toggle.js"></script><script src="search_index.js" defer></script>
    <script src="fuse.js" defer></script>
    <script src="search.js" defer></script></head>
<body>
<div class="ddoc">
  <div id="categoryPanel">
    <ul><li><a href=".&#x2F;uncategorized.html" title="Uncategorized">Uncategorized</a></li><li>
        <a class="!flex items-center gap-0.5" href=".&#x2F;all_symbols.html">
          <span class="leading-none">view all 2 symbols</span><svg
  width="16"
  height="16"
  viewBox="0 0 16 16"
  fill="none"
  xmlns="http://www.w3.org/2000/svg"
>
  <path
    fill-rule="evenodd"
    clip-rule="evenodd"
    d="M5.76748 11.8159C5.5378 11.577 5.54525 11.1972 5.78411 10.9675L8.93431 8L5.78411 5.0325C5.54525 4.80282 5.5378 4.423 5.76748 4.18413C5.99715 3.94527 6.37698 3.93782 6.61584 4.1675L10.2158 7.5675C10.3335 7.68062 10.4 7.83679 10.4 8C10.4 8.16321 10.3335 8.31938 10.2158 8.4325L6.61584 11.8325C6.37698 12.0622 5.99715 12.0547 5.76748 11.8159Z"
    fill="currentColor"
  />
</svg>
</a>
      </li>
    </ul>
  </div>
<div><nav id="topnav">
  <div class="h-full">
    <div class="flex items-center"><ul class="breadcrumbs"><li>index</li></ul>
</div>

    <div class="flex items-center gap-2">
      <button id="theme-toggle" type="button" aria-label="Toggle dark mode" style="display: none;"><svg
  xmlns="http://www.w3.org/2000/svg"
  width="14"
  height="14"
  viewBox="0 0 24 24"
  fill="currentColor"
>
  <path stroke="none" d="M0 0h24v24H0z" fill="none" />
  <path
    d="M12 1.992a10 10 0 1 0 9.236 13.838c.341 -.82 -.476 -1.644 -1.298 -1.31a6.5 6.5 0 0 1 -6.864 -10.787l.077 -.08c.551 -.63 .113 -1.653 -.758 -1.653h-.266l-.068 -.006l-.06 -.002z"
  />
</svg>
<svg
  xmlns="http://www.w3.org/2000/svg"
  width="14"
  height="14"
  viewBox="0 0 24 24"
  fill="currentColor"
  class="hidden"
>
  <path stroke="none" d="M0 0h24v24H0z" fill="none" />
  <path
    d="M12 19a1 1 0 0 1 .993 .883l.007 .117v1a1 1 0 0 1 -1.993 .117l-.007 -.117v-1a1 1 0 0 1 1 -1z"
  />
  <path
    d="M18.313 16.91l.094 .083l.7 .7a1 1 0 0 1 -1.32 1.497l-.094 -.083l-.7 -.7a1 1 0 0 1 1.218 -1.567l.102 .07z"
  />
  <path
    d="M7.007 16.993a1 1 0 0 1 .083 1.32l-.083 .094l-.7 .7a1 1 0 0 1 -1.497 -1.32l.083 -.094l.7 -.7a1 1 0 0 1 1.414 0z"
  />
  <path
    d="M4 11a1 1 0 0 1 .117 1.993l-.117 .007h-1a1 1 0 0 1 -.117 -1.993l.117 -.007h1z"
  />
  <path
    d="M21 11a1 1 0 0 1 .117 1.993l-.117 .007h-1a1 1 0 0 1 -.117 -1.993l.117 -.007h1z"
  />
  <path
    d="M6.213 4.81l.094 .083l.7 .7a1 1 0 0 1 -1.32 1.497l-.094 -.083l-.7 -.7a1 1 0 0 1 1.217 -1.567l.102 .07z"
  />
  <path
    d="M19.107 4.893a1 1 0 0 1 .083 1.32l-.083 .094l-.7 .7a1 1 0 0 1 -1.497 -1.32l.083 -.094l.7 -.7a1 1 0 0 1 1.414 0z"
  />
  <path
    d="M12 2a1 1 0 0 1 .993 .883l.007 .117v1a1 1 0 0 1 -1.993 .117l-.007 -.117v-1a1 1 0 0 1 1 -1z"
  />
  <path
    d="M12 7a5 5 0 1 1 -4.995 5.217l-.005 -.217l.005 -.217a5 5 0 0 1 4.995 -4.783z"
  />
</svg>
</button>

        <input
          type="text"
          id="searchbar"
          style="display: none;"
          class="py-2 px-2.5 mx-1 rounded text-sm border border-gray-300 bg-transparent dark:bg-gray-800 dark:border-gray-700"
          />
    </div>
  </div>
</nav>
<div id="searchResults"></div><div id="content">
    <main><section>
  <div class="space-y-2 flex-1"><div class="space-y-7" id="module_doc"></div>
</div>
</section>
</main></div>
</div>
</div>
</body>
</html>
