---
source: tests/html_test.rs
expression: "files.get(\"search_index.js\").unwrap()"
---
(function () {
  window.DENO_DOC_SEARCH_INDEX = {"nodes":[{"kind":[{"char":"c","kind":"Class","title":"Class"}],"name":"Bar","file":".","doc":"","url":"././~/Bar.html","deprecated":false},{"kind":[{"char":"c","kind":"Class","title":"Class"}],"name":"Foo","file":".","doc":"```ts\nusing time = new FakeTime();\n```","url":"././~/Foo.html","deprecated":false},{"kind":[{"char":"c","kind":"Class","title":"Class"}],"name":"Foobar","file":".","doc":"","url":"././~/Foobar.html","deprecated":false}]};
})()
