---
source: tests/html_test.rs
expression: module_docs
---
[
  {
    "deprecated": null,
    "sections": {
      "id": "module_doc",
      "docs": null,
      "sections": [
        {
          "header": {
            "title": "Functions",
            "anchor": {
              "id": "Functions"
            },
            "href": null,
            "doc": null
          },
          "content": {
            "kind": "namespace_section",
            "content": [
              {
                "id": "namespace_externalfunction",
                "anchor": {
                  "id": "namespace_externalfunction"
                },
                "tags": [],
                "doc_node_kind_ctx": [
                  {
                    "kind": "Function",
                    "char": "f",
                    "title": "Function",
                    "title_lowercase": "function",
                    "title_plural": "Functions"
                  }
                ],
                "href": ".././d/~/externalFunction.html",
                "name": "externalFunction",
                "docs": null,
                "deprecated": false,
                "subitems": []
              }
            ]
          }
        }
      ]
    }
  },
  {
    "deprecated": null,
    "sections": {
      "id": "module_doc",
      "docs": null,
      "sections": []
    }
  },
  {
    "deprecated": null,
    "sections": {
      "id": "module_doc",
      "docs": null,
      "sections": [
        {
          "header": {
            "title": "Functions",
            "anchor": {
              "id": "Functions"
            },
            "href": null,
            "doc": null
          },
          "content": {
            "kind": "namespace_section",
            "content": [
              {
                "id": "namespace_x",
                "anchor": {
                  "id": "namespace_x"
                },
                "tags": [],
                "doc_node_kind_ctx": [
                  {
                    "kind": "Function",
                    "char": "f",
                    "title": "Function",
                    "title_lowercase": "function",
                    "title_plural": "Functions"
                  }
                ],
                "href": ".././foo/~/x.html",
                "name": "x",
                "docs": null,
                "deprecated": false,
                "subitems": []
              }
            ]
          }
        },
        {
          "header": {
            "title": "Variables",
            "anchor": {
              "id": "Variables"
            },
            "href": null,
            "doc": null
          },
          "content": {
            "kind": "namespace_section",
            "content": [
              {
                "id": "namespace_default",
                "anchor": {
                  "id": "namespace_default"
                },
                "tags": [],
                "doc_node_kind_ctx": [
                  {
                    "kind": "Variable",
                    "char": "v",
                    "title": "Variable",
                    "title_lowercase": "variable",
                    "title_plural": "Variables"
                  }
                ],
                "href": ".././foo/~/default.html",
                "name": "default",
                "docs": "<div class=\"markdown_summary\"><p>The default export item.</p>\n</div>",
                "deprecated": false,
                "subitems": []
              }
            ]
          }
        }
      ]
    }
  },
  {
    "deprecated": null,
    "sections": {
      "id": "module_doc",
      "docs": null,
      "sections": [
        {
          "header": {
            "title": "Functions",
            "anchor": {
              "id": "Functions"
            },
            "href": null,
            "doc": null
          },
          "content": {
            "kind": "namespace_section",
            "content": [
              {
                "id": "namespace_x",
                "anchor": {
                  "id": "namespace_x"
                },
                "tags": [],
                "doc_node_kind_ctx": [
                  {
                    "kind": "Function",
                    "char": "f",
                    "title": "Function",
                    "title_lowercase": "function",
                    "title_plural": "Functions"
                  }
                ],
                "href": ".././c/~/x.html",
                "name": "x",
                "docs": null,
                "deprecated": false,
                "subitems": []
              }
            ]
          }
        }
      ]
    }
  },
  {
    "deprecated": null,
    "sections": {
      "id": "module_doc",
      "docs": null,
      "sections": [
        {
          "header": {
            "title": "Variables",
            "anchor": {
              "id": "Variables"
            },
            "href": null,
            "doc": null
          },
          "content": {
            "kind": "namespace_section",
            "content": [
              {
                "id": "namespace_default",
                "anchor": {
                  "id": "namespace_default"
                },
                "tags": [],
                "doc_node_kind_ctx": [
                  {
                    "kind": "Variable",
                    "char": "v",
                    "title": "Variable",
                    "title_lowercase": "variable",
                    "title_plural": "Variables"
                  }
                ],
                "href": "../../../../../../../../../../.././/Users/crowlkats/projects/deno/denoland/deno_doc/tests/testdata/multiple/raw.json/~/default.html",
                "name": "default",
                "docs": null,
                "deprecated": false,
                "subitems": []
              }
            ]
          }
        }
      ]
    }
  }
]
