---
source: tests/html_test.rs
expression: search_index
---
{
  "nodes": [
    {
      "kind": [
        "class"
      ],
      "name": "A",
      "file": ".",
      "doc": "",
      "location": {
        "filename": "default",
        "line": 60,
        "col": 0,
        "byteIndex": 1006
      },
      "url": "././~/A.html",
      "category": "",
      "declarationKind": "private",
      "deprecated": false
    },
    {
      "kind": [
        "class"
      ],
      "name": "B",
      "file": ".",
      "doc": "",
      "location": {
        "filename": "default",
        "line": 63,
        "col": 0,
        "byteIndex": 1035
      },
      "url": "././~/B.html",
      "category": "",
      "declarationKind": "export",
      "deprecated": false
    },
    {
      "kind": [
        "class"
      ],
      "name": "Bar",
      "file": ".",
      "doc": "> Some quote in bar docs\n> This quote part is ignored\n> when getting the title of this doc\n\nBar docs",
      "location": {
        "filename": "default",
        "line": 38,
        "col": 0,
        "byteIndex": 711
      },
      "url": "././~/Bar.html",
      "category": "",
      "declarationKind": "export",
      "deprecated": false
    },
    {
      "kind": [
        "typeAlias"
      ],
      "name": "Baz",
      "file": ".",
      "doc": "",
      "location": {
        "filename": "default",
        "line": 56,
        "col": 0,
        "byteIndex": 967
      },
      "url": "././~/Baz.html",
      "category": "",
      "declarationKind": "export",
      "deprecated": false
    },
    {
      "kind": [
        "class"
      ],
      "name": "Foo",
      "file": ".",
      "doc": "some Foo docs",
      "location": {
        "filename": "default",
        "line": 25,
        "col": 0,
        "byteIndex": 488
      },
      "url": "././~/Foo.html",
      "category": "",
      "declarationKind": "export",
      "deprecated": false
    },
    {
      "kind": [
        "class"
      ],
      "name": "Foobar",
      "file": ".",
      "doc": "```ts\n// This code block is ignored when getting the title of this doc\nconst foobar = new Foobar();\n```\n\nFoobar docs",
      "location": {
        "filename": "default",
        "line": 49,
        "col": 0,
        "byteIndex": 887
      },
      "url": "././~/Foobar.html",
      "category": "",
      "declarationKind": "export",
      "deprecated": false
    },
    {
      "kind": [
        "interface"
      ],
      "name": "Hello",
      "file": ".",
      "doc": "",
      "location": {
        "filename": "default",
        "line": 52,
        "col": 0,
        "byteIndex": 920
      },
      "url": "././~/Hello.html",
      "category": "",
      "declarationKind": "export",
      "deprecated": false
    },
    {
      "kind": [
        "function"
      ],
      "name": "c",
      "file": ".",
      "doc": "",
      "location": {
        "filename": "default",
        "line": 72,
        "col": 13,
        "byteIndex": 1198
      },
      "url": "././~/c.html",
      "category": "",
      "declarationKind": "export",
      "deprecated": false
    },
    {
      "kind": [
        "function"
      ],
      "name": "d",
      "file": ".",
      "doc": "",
      "location": {
        "filename": "default",
        "line": 74,
        "col": 0,
        "byteIndex": 1226
      },
      "url": "././~/d.html",
      "category": "",
      "declarationKind": "export",
      "deprecated": false
    },
    {
      "kind": [
        "function",
        "function",
        "function"
      ],
      "name": "qaz",
      "file": ".",
      "doc": "",
      "location": {
        "filename": "default",
        "line": 68,
        "col": 0,
        "byteIndex": 1077
      },
      "url": "././~/qaz.html",
      "category": "",
      "declarationKind": "export",
      "deprecated": false
    },
    {
      "kind": [
        "variable"
      ],
      "name": "default",
      "file": "foo",
      "doc": "The default export item.\n\nThis item reproduces the issue reported in {@link https://github.com/jsr-io/jsr/issues/459}",
      "location": {
        "filename": "foo",
        "line": 7,
        "col": 6,
        "byteIndex": 167
      },
      "url": "./foo/~/default.html",
      "category": "",
      "declarationKind": "export",
      "deprecated": false
    },
    {
      "kind": [
        "function"
      ],
      "name": "x",
      "file": "foo",
      "doc": "",
      "location": {
        "filename": "foo",
        "line": 1,
        "col": 0,
        "byteIndex": 0
      },
      "url": "./foo/~/x.html",
      "category": "",
      "declarationKind": "export",
      "deprecated": false
    }
  ]
}
